2026-02-05 17:28:28,327 - INFO - [31m[1mWARNING: This is a development server. Do not use it in a production deployment. Use a production WSGI server instead.[0m
 * Running on http://127.0.0.1:5001
2026-02-05 17:28:28,327 - INFO - [33mPress CTRL+C to quit[0m
2026-02-05 18:02:05,812 - INFO - [31m[1mWARNING: This is a development server. Do not use it in a production deployment. Use a production WSGI server instead.[0m
 * Running on http://127.0.0.1:5001
2026-02-05 18:02:05,812 - INFO - [33mPress CTRL+C to quit[0m
2026-02-05 18:06:19,900 - INFO - [31m[1mWARNING: This is a development server. Do not use it in a production deployment. Use a production WSGI server instead.[0m
 * Running on http://127.0.0.1:5001
2026-02-05 18:06:19,901 - INFO - [33mPress CTRL+C to quit[0m
2026-02-05 18:06:46,231 - WARNING - REINTENTO 1: Servicio de productos no responde
2026-02-05 18:06:48,251 - WARNING - REINTENTO 2: Servicio de productos no responde
2026-02-05 18:06:50,283 - WARNING - REINTENTO 3: Servicio de productos no responde
2026-02-05 18:06:50,283 - ERROR - Fallo Critico: No se pudo conectar con el servicio de productos para pedido de ID 999
2026-02-05 18:06:50,285 - INFO - 127.0.0.1 - - [05/Feb/2026 18:06:50] "[35m[1mPOST /pedidos HTTP/1.1[0m" 503 -
2026-02-05 18:07:00,534 - WARNING - REINTENTO 1: Servicio de productos no responde
2026-02-05 18:07:02,580 - WARNING - REINTENTO 2: Servicio de productos no responde
2026-02-05 18:07:04,602 - WARNING - REINTENTO 3: Servicio de productos no responde
2026-02-05 18:07:04,602 - ERROR - Fallo Critico: No se pudo conectar con el servicio de productos para pedido de ID 999
2026-02-05 18:07:04,602 - INFO - 127.0.0.1 - - [05/Feb/2026 18:07:04] "[35m[1mPOST /pedidos HTTP/1.1[0m" 503 -
2026-02-05 18:07:16,077 - WARNING - REINTENTO 1: Servicio de productos no responde
2026-02-05 18:07:18,124 - WARNING - REINTENTO 2: Servicio de productos no responde
2026-02-05 18:07:20,199 - WARNING - REINTENTO 3: Servicio de productos no responde
2026-02-05 18:07:20,199 - ERROR - Fallo Critico: No se pudo conectar con el servicio de productos para pedido de ID 999
2026-02-05 18:07:20,199 - INFO - 127.0.0.1 - - [05/Feb/2026 18:07:20] "[35m[1mPOST /pedidos HTTP/1.1[0m" 503 -
2026-02-05 18:07:29,202 - WARNING - REINTENTO 1: Servicio de productos no responde
2026-02-05 18:07:31,236 - WARNING - REINTENTO 2: Servicio de productos no responde
2026-02-05 18:07:33,299 - WARNING - REINTENTO 3: Servicio de productos no responde
2026-02-05 18:07:33,299 - ERROR - Fallo Critico: No se pudo conectar con el servicio de productos para pedido de ID 999
2026-02-05 18:07:33,299 - INFO - 127.0.0.1 - - [05/Feb/2026 18:07:33] "[35m[1mPOST /pedidos HTTP/1.1[0m" 503 -
2026-02-05 18:07:43,336 - WARNING - REINTENTO 1: Servicio de productos no responde
2026-02-05 18:07:45,383 - WARNING - REINTENTO 2: Servicio de productos no responde
2026-02-05 18:07:47,407 - WARNING - REINTENTO 3: Servicio de productos no responde
2026-02-05 18:07:47,408 - ERROR - Fallo Critico: No se pudo conectar con el servicio de productos para pedido de ID 999
2026-02-05 18:07:47,408 - INFO - 127.0.0.1 - - [05/Feb/2026 18:07:47] "[35m[1mPOST /pedidos HTTP/1.1[0m" 503 -
2026-02-05 18:10:28,904 - WARNING - REINTENTO 1: Servicio de productos no responde
2026-02-05 18:10:30,941 - WARNING - REINTENTO 2: Servicio de productos no responde
2026-02-05 18:10:32,982 - WARNING - REINTENTO 3: Servicio de productos no responde
2026-02-05 18:10:32,982 - ERROR - Fallo Critico: No se pudo conectar con el servicio de productos para pedido de ID 999
2026-02-05 18:10:32,982 - INFO - 127.0.0.1 - - [05/Feb/2026 18:10:32] "[35m[1mPOST /pedidos HTTP/1.1[0m" 503 -
2026-02-05 18:10:40,218 - WARNING - REINTENTO 1: Servicio de productos no responde
2026-02-05 18:10:42,252 - WARNING - REINTENTO 2: Servicio de productos no responde
2026-02-05 18:10:44,283 - WARNING - REINTENTO 3: Servicio de productos no responde
2026-02-05 18:10:44,284 - ERROR - Fallo Critico: No se pudo conectar con el servicio de productos para pedido de ID 999
2026-02-05 18:10:44,284 - INFO - 127.0.0.1 - - [05/Feb/2026 18:10:44] "[35m[1mPOST /pedidos HTTP/1.1[0m" 503 -
2026-02-05 18:10:51,968 - WARNING - REINTENTO 1: Servicio de productos no responde
2026-02-05 18:10:53,999 - WARNING - REINTENTO 2: Servicio de productos no responde
2026-02-05 18:10:56,036 - WARNING - REINTENTO 3: Servicio de productos no responde
2026-02-05 18:10:56,036 - ERROR - Fallo Critico: No se pudo conectar con el servicio de productos para pedido de ID 999
2026-02-05 18:10:56,036 - INFO - 127.0.0.1 - - [05/Feb/2026 18:10:56] "[35m[1mPOST /pedidos HTTP/1.1[0m" 503 -
2026-02-05 18:11:02,842 - WARNING - REINTENTO 1: Servicio de productos no responde
2026-02-05 18:11:04,922 - WARNING - REINTENTO 2: Servicio de productos no responde
2026-02-05 18:11:06,984 - WARNING - REINTENTO 3: Servicio de productos no responde
2026-02-05 18:11:06,984 - ERROR - Fallo Critico: No se pudo conectar con el servicio de productos para pedido de ID 999
2026-02-05 18:11:06,986 - INFO - 127.0.0.1 - - [05/Feb/2026 18:11:06] "[35m[1mPOST /pedidos HTTP/1.1[0m" 503 -
2026-02-05 18:11:17,685 - WARNING - REINTENTO 1: Servicio de productos no responde
2026-02-05 18:11:19,733 - WARNING - REINTENTO 2: Servicio de productos no responde
2026-02-05 18:11:21,797 - WARNING - REINTENTO 3: Servicio de productos no responde
2026-02-05 18:11:21,797 - ERROR - Fallo Critico: No se pudo conectar con el servicio de productos para pedido de ID 999
2026-02-05 18:11:21,797 - INFO - 127.0.0.1 - - [05/Feb/2026 18:11:21] "[35m[1mPOST /pedidos HTTP/1.1[0m" 503 -
2026-02-05 18:11:55,530 - WARNING - REINTENTO 1: Servicio de productos no responde
2026-02-05 18:11:57,578 - WARNING - REINTENTO 2: Servicio de productos no responde
2026-02-05 18:11:59,616 - WARNING - REINTENTO 3: Servicio de productos no responde
2026-02-05 18:11:59,617 - ERROR - Fallo Critico: No se pudo conectar con el servicio de productos para pedido de ID 999
2026-02-05 18:11:59,617 - INFO - 127.0.0.1 - - [05/Feb/2026 18:11:59] "[35m[1mPOST /pedidos HTTP/1.1[0m" 503 -
2026-02-05 18:12:12,066 - INFO - [31m[1mWARNING: This is a development server. Do not use it in a production deployment. Use a production WSGI server instead.[0m
 * Running on http://127.0.0.1:5001
2026-02-05 18:12:12,066 - INFO - [33mPress CTRL+C to quit[0m
2026-02-05 18:12:22,236 - WARNING - REINTENTO 1: Servicio de productos no responde
2026-02-05 18:12:24,268 - WARNING - REINTENTO 2: Servicio de productos no responde
2026-02-05 18:12:26,301 - WARNING - REINTENTO 3: Servicio de productos no responde
2026-02-05 18:12:26,301 - ERROR - Fallo Critico: No se pudo conectar con el servicio de productos para pedido de ID 999
2026-02-05 18:12:26,302 - ERROR - Exception on /pedidos [POST]
Traceback (most recent call last):
  File "C:\Users\oscar\OneDrive\Desktop\microservicio\.venv\Lib\site-packages\flask\app.py", line 1511, in wsgi_app
    response = self.full_dispatch_request()
               ^^^^^^^^^^^^^^^^^^^^^^^^^^^^
  File "C:\Users\oscar\OneDrive\Desktop\microservicio\.venv\Lib\site-packages\flask\app.py", line 919, in full_dispatch_request
    rv = self.handle_user_exception(e)
         ^^^^^^^^^^^^^^^^^^^^^^^^^^^^^
  File "C:\Users\oscar\OneDrive\Desktop\microservicio\.venv\Lib\site-packages\flask\app.py", line 917, in full_dispatch_request
    rv = self.dispatch_request()
         ^^^^^^^^^^^^^^^^^^^^^^^
  File "C:\Users\oscar\OneDrive\Desktop\microservicio\.venv\Lib\site-packages\flask\app.py", line 902, in dispatch_request
    return self.ensure_sync(self.view_functions[rule.endpoint])(**view_args)  # type: ignore[no-any-return]
           ^^^^^^^^^^^^^^^^^^^^^^^^^^^^^^^^^^^^^^^^^^^^^^^^^^^^^^^^^^^^^^^^^
  File "C:\Users\oscar\OneDrive\Desktop\microservicio\pedidos_service\app.py", line 61, in envoltorio
    return funcion(*args, **kwargs)
           ^^^^^^^^^^^^^^^^^^^^^^^^
  File "C:\Users\oscar\OneDrive\Desktop\microservicio\pedidos_service\app.py", line 143, in crear_pedido
    error = manejar_respuesta_producto(respuesta)
         ^^^^^^^^^^^^^^^^^^^^^^^^^^^^^^^^^^^^^
  File "C:\Users\oscar\OneDrive\Desktop\microservicio\pedidos_service\app.py", line 66, in manejar_respuesta_producto
    status = respuesta.status_code    # obtenemos el codigo de estado de la respuesta
             ^^^^^^^^^^^^^^^^^^^^^
AttributeError: 'NoneType' object has no attribute 'status_code'
2026-02-05 18:12:26,305 - INFO - 127.0.0.1 - - [05/Feb/2026 18:12:26] "[35m[1mPOST /pedidos HTTP/1.1[0m" 500 -
2026-02-05 18:12:33,094 - WARNING - REINTENTO 1: Servicio de productos no responde
2026-02-05 18:12:35,139 - WARNING - REINTENTO 2: Servicio de productos no responde
2026-02-05 18:12:37,218 - WARNING - REINTENTO 3: Servicio de productos no responde
2026-02-05 18:12:37,218 - ERROR - Fallo Critico: No se pudo conectar con el servicio de productos para pedido de ID 999
2026-02-05 18:12:37,218 - ERROR - Exception on /pedidos [POST]
Traceback (most recent call last):
  File "C:\Users\oscar\OneDrive\Desktop\microservicio\.venv\Lib\site-packages\flask\app.py", line 1511, in wsgi_app
    response = self.full_dispatch_request()
               ^^^^^^^^^^^^^^^^^^^^^^^^^^^^
  File "C:\Users\oscar\OneDrive\Desktop\microservicio\.venv\Lib\site-packages\flask\app.py", line 919, in full_dispatch_request
    rv = self.handle_user_exception(e)
         ^^^^^^^^^^^^^^^^^^^^^^^^^^^^^
  File "C:\Users\oscar\OneDrive\Desktop\microservicio\.venv\Lib\site-packages\flask\app.py", line 917, in full_dispatch_request
    rv = self.dispatch_request()
         ^^^^^^^^^^^^^^^^^^^^^^^
  File "C:\Users\oscar\OneDrive\Desktop\microservicio\.venv\Lib\site-packages\flask\app.py", line 902, in dispatch_request
    return self.ensure_sync(self.view_functions[rule.endpoint])(**view_args)  # type: ignore[no-any-return]
           ^^^^^^^^^^^^^^^^^^^^^^^^^^^^^^^^^^^^^^^^^^^^^^^^^^^^^^^^^^^^^^^^^
  File "C:\Users\oscar\OneDrive\Desktop\microservicio\pedidos_service\app.py", line 61, in envoltorio
    return funcion(*args, **kwargs)
           ^^^^^^^^^^^^^^^^^^^^^^^^
  File "C:\Users\oscar\OneDrive\Desktop\microservicio\pedidos_service\app.py", line 143, in crear_pedido
    error = manejar_respuesta_producto(respuesta)
         ^^^^^^^^^^^^^^^^^^^^^^^^^^^^^^^^^^^^^
  File "C:\Users\oscar\OneDrive\Desktop\microservicio\pedidos_service\app.py", line 66, in manejar_respuesta_producto
    status = respuesta.status_code    # obtenemos el codigo de estado de la respuesta
             ^^^^^^^^^^^^^^^^^^^^^
AttributeError: 'NoneType' object has no attribute 'status_code'
2026-02-05 18:12:37,218 - INFO - 127.0.0.1 - - [05/Feb/2026 18:12:37] "[35m[1mPOST /pedidos HTTP/1.1[0m" 500 -
2026-02-05 18:12:49,514 - WARNING - REINTENTO 1: Servicio de productos no responde
2026-02-05 18:12:51,576 - WARNING - REINTENTO 2: Servicio de productos no responde
2026-02-05 18:12:53,624 - WARNING - REINTENTO 3: Servicio de productos no responde
2026-02-05 18:12:53,625 - ERROR - Fallo Critico: No se pudo conectar con el servicio de productos para pedido de ID 999
2026-02-05 18:12:53,625 - ERROR - Exception on /pedidos [POST]
Traceback (most recent call last):
  File "C:\Users\oscar\OneDrive\Desktop\microservicio\.venv\Lib\site-packages\flask\app.py", line 1511, in wsgi_app
    response = self.full_dispatch_request()
               ^^^^^^^^^^^^^^^^^^^^^^^^^^^^
  File "C:\Users\oscar\OneDrive\Desktop\microservicio\.venv\Lib\site-packages\flask\app.py", line 919, in full_dispatch_request
    rv = self.handle_user_exception(e)
         ^^^^^^^^^^^^^^^^^^^^^^^^^^^^^
  File "C:\Users\oscar\OneDrive\Desktop\microservicio\.venv\Lib\site-packages\flask\app.py", line 917, in full_dispatch_request
    rv = self.dispatch_request()
         ^^^^^^^^^^^^^^^^^^^^^^^
  File "C:\Users\oscar\OneDrive\Desktop\microservicio\.venv\Lib\site-packages\flask\app.py", line 902, in dispatch_request
    return self.ensure_sync(self.view_functions[rule.endpoint])(**view_args)  # type: ignore[no-any-return]
           ^^^^^^^^^^^^^^^^^^^^^^^^^^^^^^^^^^^^^^^^^^^^^^^^^^^^^^^^^^^^^^^^^
  File "C:\Users\oscar\OneDrive\Desktop\microservicio\pedidos_service\app.py", line 61, in envoltorio
    return funcion(*args, **kwargs)
           ^^^^^^^^^^^^^^^^^^^^^^^^
  File "C:\Users\oscar\OneDrive\Desktop\microservicio\pedidos_service\app.py", line 143, in crear_pedido
    error = manejar_respuesta_producto(respuesta)
         ^^^^^^^^^^^^^^^^^^^^^^^^^^^^^^^^^^^^^
  File "C:\Users\oscar\OneDrive\Desktop\microservicio\pedidos_service\app.py", line 66, in manejar_respuesta_producto
    status = respuesta.status_code    # obtenemos el codigo de estado de la respuesta
             ^^^^^^^^^^^^^^^^^^^^^
AttributeError: 'NoneType' object has no attribute 'status_code'
2026-02-05 18:12:53,626 - INFO - 127.0.0.1 - - [05/Feb/2026 18:12:53] "[35m[1mPOST /pedidos HTTP/1.1[0m" 500 -
2026-02-05 18:12:58,183 - WARNING - REINTENTO 1: Servicio de productos no responde
2026-02-05 18:13:00,234 - WARNING - REINTENTO 2: Servicio de productos no responde
2026-02-05 18:13:02,282 - WARNING - REINTENTO 3: Servicio de productos no responde
2026-02-05 18:13:02,282 - ERROR - Fallo Critico: No se pudo conectar con el servicio de productos para pedido de ID 999
2026-02-05 18:13:02,282 - ERROR - Exception on /pedidos [POST]
Traceback (most recent call last):
  File "C:\Users\oscar\OneDrive\Desktop\microservicio\.venv\Lib\site-packages\flask\app.py", line 1511, in wsgi_app
    response = self.full_dispatch_request()
               ^^^^^^^^^^^^^^^^^^^^^^^^^^^^
  File "C:\Users\oscar\OneDrive\Desktop\microservicio\.venv\Lib\site-packages\flask\app.py", line 919, in full_dispatch_request
    rv = self.handle_user_exception(e)
         ^^^^^^^^^^^^^^^^^^^^^^^^^^^^^
  File "C:\Users\oscar\OneDrive\Desktop\microservicio\.venv\Lib\site-packages\flask\app.py", line 917, in full_dispatch_request
    rv = self.dispatch_request()
         ^^^^^^^^^^^^^^^^^^^^^^^
  File "C:\Users\oscar\OneDrive\Desktop\microservicio\.venv\Lib\site-packages\flask\app.py", line 902, in dispatch_request
    return self.ensure_sync(self.view_functions[rule.endpoint])(**view_args)  # type: ignore[no-any-return]
           ^^^^^^^^^^^^^^^^^^^^^^^^^^^^^^^^^^^^^^^^^^^^^^^^^^^^^^^^^^^^^^^^^
  File "C:\Users\oscar\OneDrive\Desktop\microservicio\pedidos_service\app.py", line 61, in envoltorio
    return funcion(*args, **kwargs)
           ^^^^^^^^^^^^^^^^^^^^^^^^
  File "C:\Users\oscar\OneDrive\Desktop\microservicio\pedidos_service\app.py", line 143, in crear_pedido
    error = manejar_respuesta_producto(respuesta)
         ^^^^^^^^^^^^^^^^^^^^^^^^^^^^^^^^^^^^^
  File "C:\Users\oscar\OneDrive\Desktop\microservicio\pedidos_service\app.py", line 66, in manejar_respuesta_producto
    status = respuesta.status_code    # obtenemos el codigo de estado de la respuesta
             ^^^^^^^^^^^^^^^^^^^^^
AttributeError: 'NoneType' object has no attribute 'status_code'
2026-02-05 18:13:02,282 - INFO - 127.0.0.1 - - [05/Feb/2026 18:13:02] "[35m[1mPOST /pedidos HTTP/1.1[0m" 500 -
2026-02-05 18:17:10,242 - INFO - [31m[1mWARNING: This is a development server. Do not use it in a production deployment. Use a production WSGI server instead.[0m
 * Running on http://127.0.0.1:5001
2026-02-05 18:17:10,242 - INFO - [33mPress CTRL+C to quit[0m
2026-02-05 18:17:30,352 - WARNING - REINTENTO 1: Servicio de productos no responde
2026-02-05 18:17:32,402 - WARNING - REINTENTO 2: Servicio de productos no responde
2026-02-05 18:17:34,422 - WARNING - REINTENTO 3: Servicio de productos no responde
2026-02-05 18:17:34,422 - ERROR - Exception on /pedidos [POST]
Traceback (most recent call last):
  File "C:\Users\oscar\OneDrive\Desktop\microservicio\.venv\Lib\site-packages\flask\app.py", line 1511, in wsgi_app
    response = self.full_dispatch_request()
               ^^^^^^^^^^^^^^^^^^^^^^^^^^^^
  File "C:\Users\oscar\OneDrive\Desktop\microservicio\.venv\Lib\site-packages\flask\app.py", line 919, in full_dispatch_request
    rv = self.handle_user_exception(e)
         ^^^^^^^^^^^^^^^^^^^^^^^^^^^^^
  File "C:\Users\oscar\OneDrive\Desktop\microservicio\.venv\Lib\site-packages\flask\app.py", line 917, in full_dispatch_request
    rv = self.dispatch_request()
         ^^^^^^^^^^^^^^^^^^^^^^^
  File "C:\Users\oscar\OneDrive\Desktop\microservicio\.venv\Lib\site-packages\flask\app.py", line 902, in dispatch_request
    return self.ensure_sync(self.view_functions[rule.endpoint])(**view_args)  # type: ignore[no-any-return]
           ^^^^^^^^^^^^^^^^^^^^^^^^^^^^^^^^^^^^^^^^^^^^^^^^^^^^^^^^^^^^^^^^^
  File "C:\Users\oscar\OneDrive\Desktop\microservicio\pedidos_service\app.py", line 61, in envoltorio
    return funcion(*args, **kwargs)
           ^^^^^^^^^^^^^^^^^^^^^^^^
  File "C:\Users\oscar\OneDrive\Desktop\microservicio\pedidos_service\app.py", line 143, in crear_pedido
    error = manejar_respuesta_producto(respuesta)
         ^^^^^^^^^^^^^^^^^^^^^^^^^^^^^^^^^^^^^
  File "C:\Users\oscar\OneDrive\Desktop\microservicio\pedidos_service\app.py", line 66, in manejar_respuesta_producto
    status = respuesta.status_code    # obtenemos el codigo de estado de la respuesta
             ^^^^^^^^^^^^^^^^^^^^^
AttributeError: 'NoneType' object has no attribute 'status_code'
2026-02-05 18:17:34,422 - INFO - 127.0.0.1 - - [05/Feb/2026 18:17:34] "[35m[1mPOST /pedidos HTTP/1.1[0m" 500 -
2026-02-05 18:17:51,189 - WARNING - REINTENTO 1: Servicio de productos no responde
2026-02-05 18:17:53,252 - WARNING - REINTENTO 2: Servicio de productos no responde
2026-02-05 18:17:55,296 - WARNING - REINTENTO 3: Servicio de productos no responde
2026-02-05 18:17:55,296 - ERROR - Exception on /pedidos [POST]
Traceback (most recent call last):
  File "C:\Users\oscar\OneDrive\Desktop\microservicio\.venv\Lib\site-packages\flask\app.py", line 1511, in wsgi_app
    response = self.full_dispatch_request()
               ^^^^^^^^^^^^^^^^^^^^^^^^^^^^
  File "C:\Users\oscar\OneDrive\Desktop\microservicio\.venv\Lib\site-packages\flask\app.py", line 919, in full_dispatch_request
    rv = self.handle_user_exception(e)
         ^^^^^^^^^^^^^^^^^^^^^^^^^^^^^
  File "C:\Users\oscar\OneDrive\Desktop\microservicio\.venv\Lib\site-packages\flask\app.py", line 917, in full_dispatch_request
    rv = self.dispatch_request()
         ^^^^^^^^^^^^^^^^^^^^^^^
  File "C:\Users\oscar\OneDrive\Desktop\microservicio\.venv\Lib\site-packages\flask\app.py", line 902, in dispatch_request
    return self.ensure_sync(self.view_functions[rule.endpoint])(**view_args)  # type: ignore[no-any-return]
           ^^^^^^^^^^^^^^^^^^^^^^^^^^^^^^^^^^^^^^^^^^^^^^^^^^^^^^^^^^^^^^^^^
  File "C:\Users\oscar\OneDrive\Desktop\microservicio\pedidos_service\app.py", line 61, in envoltorio
    return funcion(*args, **kwargs)
           ^^^^^^^^^^^^^^^^^^^^^^^^
  File "C:\Users\oscar\OneDrive\Desktop\microservicio\pedidos_service\app.py", line 143, in crear_pedido
    error = manejar_respuesta_producto(respuesta)
         ^^^^^^^^^^^^^^^^^^^^^^^^^^^^^^^^^^^^^
  File "C:\Users\oscar\OneDrive\Desktop\microservicio\pedidos_service\app.py", line 66, in manejar_respuesta_producto
    status = respuesta.status_code    # obtenemos el codigo de estado de la respuesta
             ^^^^^^^^^^^^^^^^^^^^^
AttributeError: 'NoneType' object has no attribute 'status_code'
2026-02-05 18:17:55,300 - INFO - 127.0.0.1 - - [05/Feb/2026 18:17:55] "[35m[1mPOST /pedidos HTTP/1.1[0m" 500 -
2026-02-05 18:18:00,046 - WARNING - REINTENTO 1: Servicio de productos no responde
2026-02-05 18:18:02,110 - WARNING - REINTENTO 2: Servicio de productos no responde
2026-02-05 18:18:04,163 - WARNING - REINTENTO 3: Servicio de productos no responde
2026-02-05 18:18:04,163 - ERROR - Exception on /pedidos [POST]
Traceback (most recent call last):
  File "C:\Users\oscar\OneDrive\Desktop\microservicio\.venv\Lib\site-packages\flask\app.py", line 1511, in wsgi_app
    response = self.full_dispatch_request()
               ^^^^^^^^^^^^^^^^^^^^^^^^^^^^
  File "C:\Users\oscar\OneDrive\Desktop\microservicio\.venv\Lib\site-packages\flask\app.py", line 919, in full_dispatch_request
    rv = self.handle_user_exception(e)
         ^^^^^^^^^^^^^^^^^^^^^^^^^^^^^
  File "C:\Users\oscar\OneDrive\Desktop\microservicio\.venv\Lib\site-packages\flask\app.py", line 917, in full_dispatch_request
    rv = self.dispatch_request()
         ^^^^^^^^^^^^^^^^^^^^^^^
  File "C:\Users\oscar\OneDrive\Desktop\microservicio\.venv\Lib\site-packages\flask\app.py", line 902, in dispatch_request
    return self.ensure_sync(self.view_functions[rule.endpoint])(**view_args)  # type: ignore[no-any-return]
           ^^^^^^^^^^^^^^^^^^^^^^^^^^^^^^^^^^^^^^^^^^^^^^^^^^^^^^^^^^^^^^^^^
  File "C:\Users\oscar\OneDrive\Desktop\microservicio\pedidos_service\app.py", line 61, in envoltorio
    return funcion(*args, **kwargs)
           ^^^^^^^^^^^^^^^^^^^^^^^^
  File "C:\Users\oscar\OneDrive\Desktop\microservicio\pedidos_service\app.py", line 143, in crear_pedido
    error = manejar_respuesta_producto(respuesta)
         ^^^^^^^^^^^^^^^^^^^^^^^^^^^^^^^^^^^^^
  File "C:\Users\oscar\OneDrive\Desktop\microservicio\pedidos_service\app.py", line 66, in manejar_respuesta_producto
    status = respuesta.status_code    # obtenemos el codigo de estado de la respuesta
             ^^^^^^^^^^^^^^^^^^^^^
AttributeError: 'NoneType' object has no attribute 'status_code'
2026-02-05 18:18:04,163 - INFO - 127.0.0.1 - - [05/Feb/2026 18:18:04] "[35m[1mPOST /pedidos HTTP/1.1[0m" 500 -
2026-02-05 18:18:09,547 - WARNING - REINTENTO 1: Servicio de productos no responde
2026-02-05 18:18:11,610 - WARNING - REINTENTO 2: Servicio de productos no responde
2026-02-05 18:18:13,665 - WARNING - REINTENTO 3: Servicio de productos no responde
2026-02-05 18:18:13,665 - ERROR - Exception on /pedidos [POST]
Traceback (most recent call last):
  File "C:\Users\oscar\OneDrive\Desktop\microservicio\.venv\Lib\site-packages\flask\app.py", line 1511, in wsgi_app
    response = self.full_dispatch_request()
               ^^^^^^^^^^^^^^^^^^^^^^^^^^^^
  File "C:\Users\oscar\OneDrive\Desktop\microservicio\.venv\Lib\site-packages\flask\app.py", line 919, in full_dispatch_request
    rv = self.handle_user_exception(e)
         ^^^^^^^^^^^^^^^^^^^^^^^^^^^^^
  File "C:\Users\oscar\OneDrive\Desktop\microservicio\.venv\Lib\site-packages\flask\app.py", line 917, in full_dispatch_request
    rv = self.dispatch_request()
         ^^^^^^^^^^^^^^^^^^^^^^^
  File "C:\Users\oscar\OneDrive\Desktop\microservicio\.venv\Lib\site-packages\flask\app.py", line 902, in dispatch_request
    return self.ensure_sync(self.view_functions[rule.endpoint])(**view_args)  # type: ignore[no-any-return]
           ^^^^^^^^^^^^^^^^^^^^^^^^^^^^^^^^^^^^^^^^^^^^^^^^^^^^^^^^^^^^^^^^^
  File "C:\Users\oscar\OneDrive\Desktop\microservicio\pedidos_service\app.py", line 61, in envoltorio
    return funcion(*args, **kwargs)
           ^^^^^^^^^^^^^^^^^^^^^^^^
  File "C:\Users\oscar\OneDrive\Desktop\microservicio\pedidos_service\app.py", line 143, in crear_pedido
    error = manejar_respuesta_producto(respuesta)
         ^^^^^^^^^^^^^^^^^^^^^^^^^^^^^^^^^^^^^
  File "C:\Users\oscar\OneDrive\Desktop\microservicio\pedidos_service\app.py", line 66, in manejar_respuesta_producto
    status = respuesta.status_code    # obtenemos el codigo de estado de la respuesta
             ^^^^^^^^^^^^^^^^^^^^^
AttributeError: 'NoneType' object has no attribute 'status_code'
2026-02-05 18:18:13,667 - INFO - 127.0.0.1 - - [05/Feb/2026 18:18:13] "[35m[1mPOST /pedidos HTTP/1.1[0m" 500 -
2026-02-05 18:18:18,171 - WARNING - REINTENTO 1: Servicio de productos no responde
2026-02-05 18:18:20,234 - WARNING - REINTENTO 2: Servicio de productos no responde
2026-02-05 18:18:22,302 - WARNING - REINTENTO 3: Servicio de productos no responde
2026-02-05 18:18:22,302 - ERROR - Exception on /pedidos [POST]
Traceback (most recent call last):
  File "C:\Users\oscar\OneDrive\Desktop\microservicio\.venv\Lib\site-packages\flask\app.py", line 1511, in wsgi_app
    response = self.full_dispatch_request()
               ^^^^^^^^^^^^^^^^^^^^^^^^^^^^
  File "C:\Users\oscar\OneDrive\Desktop\microservicio\.venv\Lib\site-packages\flask\app.py", line 919, in full_dispatch_request
    rv = self.handle_user_exception(e)
         ^^^^^^^^^^^^^^^^^^^^^^^^^^^^^
  File "C:\Users\oscar\OneDrive\Desktop\microservicio\.venv\Lib\site-packages\flask\app.py", line 917, in full_dispatch_request
    rv = self.dispatch_request()
         ^^^^^^^^^^^^^^^^^^^^^^^
  File "C:\Users\oscar\OneDrive\Desktop\microservicio\.venv\Lib\site-packages\flask\app.py", line 902, in dispatch_request
    return self.ensure_sync(self.view_functions[rule.endpoint])(**view_args)  # type: ignore[no-any-return]
           ^^^^^^^^^^^^^^^^^^^^^^^^^^^^^^^^^^^^^^^^^^^^^^^^^^^^^^^^^^^^^^^^^
  File "C:\Users\oscar\OneDrive\Desktop\microservicio\pedidos_service\app.py", line 61, in envoltorio
    return funcion(*args, **kwargs)
           ^^^^^^^^^^^^^^^^^^^^^^^^
  File "C:\Users\oscar\OneDrive\Desktop\microservicio\pedidos_service\app.py", line 143, in crear_pedido
    error = manejar_respuesta_producto(respuesta)
         ^^^^^^^^^^^^^^^^^^^^^^^^^^^^^^^^^^^^^
  File "C:\Users\oscar\OneDrive\Desktop\microservicio\pedidos_service\app.py", line 66, in manejar_respuesta_producto
    status = respuesta.status_code    # obtenemos el codigo de estado de la respuesta
             ^^^^^^^^^^^^^^^^^^^^^
AttributeError: 'NoneType' object has no attribute 'status_code'
2026-02-05 18:18:22,304 - INFO - 127.0.0.1 - - [05/Feb/2026 18:18:22] "[35m[1mPOST /pedidos HTTP/1.1[0m" 500 -
2026-02-05 18:20:02,494 - INFO - [31m[1mWARNING: This is a development server. Do not use it in a production deployment. Use a production WSGI server instead.[0m
 * Running on http://127.0.0.1:5001
2026-02-05 18:20:02,494 - INFO - [33mPress CTRL+C to quit[0m
2026-02-05 18:20:14,204 - WARNING - REINTENTO 1: Servicio de productos no responde
2026-02-05 18:20:16,264 - WARNING - REINTENTO 2: Servicio de productos no responde
2026-02-05 18:20:18,326 - WARNING - REINTENTO 3: Servicio de productos no responde
2026-02-05 18:20:18,326 - ERROR - Fallo Critico: No se pudo conectar con el servicio de productos para pedido de ID 999
2026-02-05 18:20:18,326 - INFO - 127.0.0.1 - - [05/Feb/2026 18:20:18] "[35m[1mPOST /pedidos HTTP/1.1[0m" 503 -
2026-02-05 18:20:22,046 - WARNING - REINTENTO 1: Servicio de productos no responde
2026-02-05 18:20:24,084 - WARNING - REINTENTO 2: Servicio de productos no responde
2026-02-05 18:20:26,141 - WARNING - REINTENTO 3: Servicio de productos no responde
2026-02-05 18:20:26,142 - ERROR - Fallo Critico: No se pudo conectar con el servicio de productos para pedido de ID 999
2026-02-05 18:20:26,143 - INFO - 127.0.0.1 - - [05/Feb/2026 18:20:26] "[35m[1mPOST /pedidos HTTP/1.1[0m" 503 -
2026-02-05 18:20:30,722 - WARNING - REINTENTO 1: Servicio de productos no responde
2026-02-05 18:20:32,770 - WARNING - REINTENTO 2: Servicio de productos no responde
2026-02-05 18:20:34,813 - WARNING - REINTENTO 3: Servicio de productos no responde
2026-02-05 18:20:34,813 - ERROR - Fallo Critico: No se pudo conectar con el servicio de productos para pedido de ID 999
2026-02-05 18:20:34,813 - INFO - 127.0.0.1 - - [05/Feb/2026 18:20:34] "[35m[1mPOST /pedidos HTTP/1.1[0m" 503 -
2026-02-05 18:20:38,296 - WARNING - REINTENTO 1: Servicio de productos no responde
2026-02-05 18:20:40,343 - WARNING - REINTENTO 2: Servicio de productos no responde
2026-02-05 18:20:42,415 - WARNING - REINTENTO 3: Servicio de productos no responde
2026-02-05 18:20:42,415 - ERROR - Fallo Critico: No se pudo conectar con el servicio de productos para pedido de ID 999
2026-02-05 18:20:42,415 - INFO - 127.0.0.1 - - [05/Feb/2026 18:20:42] "[35m[1mPOST /pedidos HTTP/1.1[0m" 503 -
2026-02-05 18:21:12,267 - INFO - [31m[1mWARNING: This is a development server. Do not use it in a production deployment. Use a production WSGI server instead.[0m
 * Running on http://127.0.0.1:5001
2026-02-05 18:21:12,267 - INFO - [33mPress CTRL+C to quit[0m
2026-02-05 18:21:19,447 - WARNING - REINTENTO 1: Servicio de productos no responde
2026-02-05 18:21:21,483 - WARNING - REINTENTO 2: Servicio de productos no responde
2026-02-05 18:21:23,532 - WARNING - REINTENTO 3: Servicio de productos no responde
2026-02-05 18:21:23,532 - ERROR - Exception on /pedidos [POST]
Traceback (most recent call last):
  File "C:\Users\oscar\OneDrive\Desktop\microservicio\.venv\Lib\site-packages\flask\app.py", line 1511, in wsgi_app
    response = self.full_dispatch_request()
               ^^^^^^^^^^^^^^^^^^^^^^^^^^^^
  File "C:\Users\oscar\OneDrive\Desktop\microservicio\.venv\Lib\site-packages\flask\app.py", line 919, in full_dispatch_request
    rv = self.handle_user_exception(e)
         ^^^^^^^^^^^^^^^^^^^^^^^^^^^^^
  File "C:\Users\oscar\OneDrive\Desktop\microservicio\.venv\Lib\site-packages\flask\app.py", line 917, in full_dispatch_request
    rv = self.dispatch_request()
         ^^^^^^^^^^^^^^^^^^^^^^^
  File "C:\Users\oscar\OneDrive\Desktop\microservicio\.venv\Lib\site-packages\flask\app.py", line 902, in dispatch_request
    return self.ensure_sync(self.view_functions[rule.endpoint])(**view_args)  # type: ignore[no-any-return]
           ^^^^^^^^^^^^^^^^^^^^^^^^^^^^^^^^^^^^^^^^^^^^^^^^^^^^^^^^^^^^^^^^^
  File "C:\Users\oscar\OneDrive\Desktop\microservicio\pedidos_service\app.py", line 61, in envoltorio
    return funcion(*args, **kwargs)
           ^^^^^^^^^^^^^^^^^^^^^^^^
  File "C:\Users\oscar\OneDrive\Desktop\microservicio\pedidos_service\app.py", line 143, in crear_pedido
    error = manejar_respuesta_producto(respuesta)
         ^^^^^^^^^^^^^^^^^^^^^^^^^^^^^^^^^^^^^
  File "C:\Users\oscar\OneDrive\Desktop\microservicio\pedidos_service\app.py", line 66, in manejar_respuesta_producto
    status = respuesta.status_code    # obtenemos el codigo de estado de la respuesta
             ^^^^^^^^^^^^^^^^^^^^^
AttributeError: 'NoneType' object has no attribute 'status_code'
2026-02-05 18:21:23,538 - INFO - 127.0.0.1 - - [05/Feb/2026 18:21:23] "[35m[1mPOST /pedidos HTTP/1.1[0m" 500 -
2026-02-05 18:21:27,640 - WARNING - REINTENTO 1: Servicio de productos no responde
2026-02-05 18:21:29,687 - WARNING - REINTENTO 2: Servicio de productos no responde
2026-02-05 18:21:31,750 - WARNING - REINTENTO 3: Servicio de productos no responde
2026-02-05 18:21:31,750 - ERROR - Exception on /pedidos [POST]
Traceback (most recent call last):
  File "C:\Users\oscar\OneDrive\Desktop\microservicio\.venv\Lib\site-packages\flask\app.py", line 1511, in wsgi_app
    response = self.full_dispatch_request()
               ^^^^^^^^^^^^^^^^^^^^^^^^^^^^
  File "C:\Users\oscar\OneDrive\Desktop\microservicio\.venv\Lib\site-packages\flask\app.py", line 919, in full_dispatch_request
    rv = self.handle_user_exception(e)
         ^^^^^^^^^^^^^^^^^^^^^^^^^^^^^
  File "C:\Users\oscar\OneDrive\Desktop\microservicio\.venv\Lib\site-packages\flask\app.py", line 917, in full_dispatch_request
    rv = self.dispatch_request()
         ^^^^^^^^^^^^^^^^^^^^^^^
  File "C:\Users\oscar\OneDrive\Desktop\microservicio\.venv\Lib\site-packages\flask\app.py", line 902, in dispatch_request
    return self.ensure_sync(self.view_functions[rule.endpoint])(**view_args)  # type: ignore[no-any-return]
           ^^^^^^^^^^^^^^^^^^^^^^^^^^^^^^^^^^^^^^^^^^^^^^^^^^^^^^^^^^^^^^^^^
  File "C:\Users\oscar\OneDrive\Desktop\microservicio\pedidos_service\app.py", line 61, in envoltorio
    return funcion(*args, **kwargs)
           ^^^^^^^^^^^^^^^^^^^^^^^^
  File "C:\Users\oscar\OneDrive\Desktop\microservicio\pedidos_service\app.py", line 143, in crear_pedido
    error = manejar_respuesta_producto(respuesta)
         ^^^^^^^^^^^^^^^^^^^^^^^^^^^^^^^^^^^^^
  File "C:\Users\oscar\OneDrive\Desktop\microservicio\pedidos_service\app.py", line 66, in manejar_respuesta_producto
    status = respuesta.status_code    # obtenemos el codigo de estado de la respuesta
             ^^^^^^^^^^^^^^^^^^^^^
AttributeError: 'NoneType' object has no attribute 'status_code'
2026-02-05 18:21:31,750 - INFO - 127.0.0.1 - - [05/Feb/2026 18:21:31] "[35m[1mPOST /pedidos HTTP/1.1[0m" 500 -
2026-02-05 18:21:35,252 - WARNING - REINTENTO 1: Servicio de productos no responde
2026-02-05 18:21:37,316 - WARNING - REINTENTO 2: Servicio de productos no responde
2026-02-05 18:21:39,358 - WARNING - REINTENTO 3: Servicio de productos no responde
2026-02-05 18:21:39,358 - ERROR - Exception on /pedidos [POST]
Traceback (most recent call last):
  File "C:\Users\oscar\OneDrive\Desktop\microservicio\.venv\Lib\site-packages\flask\app.py", line 1511, in wsgi_app
    response = self.full_dispatch_request()
               ^^^^^^^^^^^^^^^^^^^^^^^^^^^^
  File "C:\Users\oscar\OneDrive\Desktop\microservicio\.venv\Lib\site-packages\flask\app.py", line 919, in full_dispatch_request
    rv = self.handle_user_exception(e)
         ^^^^^^^^^^^^^^^^^^^^^^^^^^^^^
  File "C:\Users\oscar\OneDrive\Desktop\microservicio\.venv\Lib\site-packages\flask\app.py", line 917, in full_dispatch_request
    rv = self.dispatch_request()
         ^^^^^^^^^^^^^^^^^^^^^^^
  File "C:\Users\oscar\OneDrive\Desktop\microservicio\.venv\Lib\site-packages\flask\app.py", line 902, in dispatch_request
    return self.ensure_sync(self.view_functions[rule.endpoint])(**view_args)  # type: ignore[no-any-return]
           ^^^^^^^^^^^^^^^^^^^^^^^^^^^^^^^^^^^^^^^^^^^^^^^^^^^^^^^^^^^^^^^^^
  File "C:\Users\oscar\OneDrive\Desktop\microservicio\pedidos_service\app.py", line 61, in envoltorio
    return funcion(*args, **kwargs)
           ^^^^^^^^^^^^^^^^^^^^^^^^
  File "C:\Users\oscar\OneDrive\Desktop\microservicio\pedidos_service\app.py", line 143, in crear_pedido
    error = manejar_respuesta_producto(respuesta)
         ^^^^^^^^^^^^^^^^^^^^^^^^^^^^^^^^^^^^^
  File "C:\Users\oscar\OneDrive\Desktop\microservicio\pedidos_service\app.py", line 66, in manejar_respuesta_producto
    status = respuesta.status_code    # obtenemos el codigo de estado de la respuesta
             ^^^^^^^^^^^^^^^^^^^^^
AttributeError: 'NoneType' object has no attribute 'status_code'
2026-02-05 18:21:39,358 - INFO - 127.0.0.1 - - [05/Feb/2026 18:21:39] "[35m[1mPOST /pedidos HTTP/1.1[0m" 500 -
2026-02-05 18:21:42,951 - WARNING - REINTENTO 1: Servicio de productos no responde
2026-02-05 18:21:45,030 - WARNING - REINTENTO 2: Servicio de productos no responde
2026-02-05 18:21:47,077 - WARNING - REINTENTO 3: Servicio de productos no responde
2026-02-05 18:21:47,077 - ERROR - Exception on /pedidos [POST]
Traceback (most recent call last):
  File "C:\Users\oscar\OneDrive\Desktop\microservicio\.venv\Lib\site-packages\flask\app.py", line 1511, in wsgi_app
    response = self.full_dispatch_request()
               ^^^^^^^^^^^^^^^^^^^^^^^^^^^^
  File "C:\Users\oscar\OneDrive\Desktop\microservicio\.venv\Lib\site-packages\flask\app.py", line 919, in full_dispatch_request
    rv = self.handle_user_exception(e)
         ^^^^^^^^^^^^^^^^^^^^^^^^^^^^^
  File "C:\Users\oscar\OneDrive\Desktop\microservicio\.venv\Lib\site-packages\flask\app.py", line 917, in full_dispatch_request
    rv = self.dispatch_request()
         ^^^^^^^^^^^^^^^^^^^^^^^
  File "C:\Users\oscar\OneDrive\Desktop\microservicio\.venv\Lib\site-packages\flask\app.py", line 902, in dispatch_request
    return self.ensure_sync(self.view_functions[rule.endpoint])(**view_args)  # type: ignore[no-any-return]
           ^^^^^^^^^^^^^^^^^^^^^^^^^^^^^^^^^^^^^^^^^^^^^^^^^^^^^^^^^^^^^^^^^
  File "C:\Users\oscar\OneDrive\Desktop\microservicio\pedidos_service\app.py", line 61, in envoltorio
    return funcion(*args, **kwargs)
           ^^^^^^^^^^^^^^^^^^^^^^^^
  File "C:\Users\oscar\OneDrive\Desktop\microservicio\pedidos_service\app.py", line 143, in crear_pedido
    error = manejar_respuesta_producto(respuesta)
         ^^^^^^^^^^^^^^^^^^^^^^^^^^^^^^^^^^^^^
  File "C:\Users\oscar\OneDrive\Desktop\microservicio\pedidos_service\app.py", line 66, in manejar_respuesta_producto
    status = respuesta.status_code    # obtenemos el codigo de estado de la respuesta
             ^^^^^^^^^^^^^^^^^^^^^
AttributeError: 'NoneType' object has no attribute 'status_code'
2026-02-05 18:21:47,077 - INFO - 127.0.0.1 - - [05/Feb/2026 18:21:47] "[35m[1mPOST /pedidos HTTP/1.1[0m" 500 -
2026-02-05 18:31:22,817 - INFO - [31m[1mWARNING: This is a development server. Do not use it in a production deployment. Use a production WSGI server instead.[0m
 * Running on http://127.0.0.1:5001
2026-02-05 18:31:22,817 - INFO - [33mPress CTRL+C to quit[0m
2026-02-05 18:31:36,170 - WARNING - REINTENTO 1: Servicio de productos no responde
2026-02-05 18:31:38,205 - WARNING - REINTENTO 2: Servicio de productos no responde
2026-02-05 18:31:40,245 - WARNING - REINTENTO 3: Servicio de productos no responde
2026-02-05 18:31:40,246 - ERROR - Fallo Critico: No se pudo conectar con el servicio de productos para pedido de ID 999
2026-02-05 18:31:40,246 - ERROR - Error interno en el servicio de productos. Fallos consecutivos: 1
2026-02-05 18:31:40,246 - INFO - 127.0.0.1 - - [05/Feb/2026 18:31:40] "[35m[1mPOST /pedidos HTTP/1.1[0m" 503 -
2026-02-05 18:31:49,204 - WARNING - REINTENTO 1: Servicio de productos no responde
2026-02-05 18:31:51,249 - WARNING - REINTENTO 2: Servicio de productos no responde
2026-02-05 18:31:53,312 - WARNING - REINTENTO 3: Servicio de productos no responde
2026-02-05 18:31:53,312 - ERROR - Fallo Critico: No se pudo conectar con el servicio de productos para pedido de ID 999
2026-02-05 18:31:53,312 - ERROR - Error interno en el servicio de productos. Fallos consecutivos: 2
2026-02-05 18:31:53,312 - INFO - 127.0.0.1 - - [05/Feb/2026 18:31:53] "[35m[1mPOST /pedidos HTTP/1.1[0m" 503 -
2026-02-05 18:31:58,889 - WARNING - REINTENTO 1: Servicio de productos no responde
2026-02-05 18:32:00,937 - WARNING - REINTENTO 2: Servicio de productos no responde
2026-02-05 18:32:02,984 - WARNING - REINTENTO 3: Servicio de productos no responde
2026-02-05 18:32:02,984 - ERROR - Fallo Critico: No se pudo conectar con el servicio de productos para pedido de ID 999
2026-02-05 18:32:02,984 - ERROR - Error interno en el servicio de productos. Fallos consecutivos: 3
2026-02-05 18:32:02,986 - ERROR - Circuit Breaker de Productos abierto por demasiados fallos
2026-02-05 18:32:02,986 - INFO - 127.0.0.1 - - [05/Feb/2026 18:32:02] "[35m[1mPOST /pedidos HTTP/1.1[0m" 503 -
2026-02-05 18:32:14,064 - INFO - 127.0.0.1 - - [05/Feb/2026 18:32:14] "[35m[1mPOST /pedidos HTTP/1.1[0m" 503 -
2026-02-05 18:32:18,911 - INFO - 127.0.0.1 - - [05/Feb/2026 18:32:18] "[35m[1mPOST /pedidos HTTP/1.1[0m" 503 -
